// Jest Snapshot v1, https://goo.gl/fbAQLP

exports[`snapshot 1`] = `
<DocumentFragment>
  <div>
    <button>
      x
    </button>
  </div>
</DocumentFragment>
`;
